
[1m[31mError running find-unused-exports:[39m[22m

  [31mSyntaxError: <path>/a.txt: Unexpected token (2:0)
  
  [0m [90m 1 |[31m [90m// A syntax error so Babel can’t parse this file.[31m
  [31m[1m>[22m[31m[90m 2 |[31m [33m*[31m
   [90m   |[31m [31m[1m^[22m[31m
   [90m 3 |[31m[0m
      <stack trace>[39m

